node : C:\Users\himan\O
neDrive\Desktop\Agent 
Visit Survey\server\nod
e_modules\mongoose\lib\
schema.js:827
At line:1 char:1
+ node server.js 2> 
error_log.txt
+ ~~~~~~~~~~~~~~~~~~~~~
~~~~~~~~~~
    + CategoryInfo     
         : NotSpecifi  
  ed: (C:\Users\hima   
 n\...b\schema.js:8    
27:String) [], Rem    
oteException
    + FullyQualifiedEr 
   rorId : NativeComm  
  andError
 
      throw new 
TypeError(`Invalid 
schema configuration: 
\`${val}\` is not ` +
      ^

TypeError: Invalid 
schema configuration: 
`true` is not a valid 
type at path 
`required`. See https:/
/bit.ly/mongoose-schema
types for a list of 
valid schema types.
    at Schema.add (C:\U
sers\himan\OneDrive\Des
ktop\Agent Visit Survey
\server\node_modules\mo
ngoose\lib\schema.js:82
7:13)
    at Schema.add (C:\U
sers\himan\OneDrive\Des
ktop\Agent Visit Survey
\server\node_modules\mo
ngoose\lib\schema.js:86
5:12)
    at new Schema (C:\U
sers\himan\OneDrive\Des
ktop\Agent Visit Survey
\server\node_modules\mo
ngoose\lib\schema.js:14
7:10)
    at 
Object.<anonymous> (C:\
Users\himan\OneDrive\De
sktop\Agent Visit Surve
y\server\models\FormCon
fig.js:3:21)
    at Module._compile 
(node:internal/modules/
cjs/loader:1812:14)
    at Object..js (node
:internal/modules/cjs/l
oader:1943:10)
    at Module.load (nod
e:internal/modules/cjs/
loader:1533:32)
    at Module._load (no
de:internal/modules/cjs
/loader:1335:12)
    at wrapModuleLoad (
node:internal/modules/c
js/loader:255:19)
    at Module.require (
node:internal/modules/c
js/loader:1556:12)
    at require (node:in
ternal/modules/helpers:
152:16)
    at 
Object.<anonymous> (C:\
Users\himan\OneDrive\De
sktop\Agent Visit Surve
y\server\controllers\fo
rmConfig.controller.js:
1:20)
    at Module._compile 
(node:internal/modules/
cjs/loader:1812:14)
    at Object..js (node
:internal/modules/cjs/l
oader:1943:10)
    at Module.load (nod
e:internal/modules/cjs/
loader:1533:32)
    at Module._load (no
de:internal/modules/cjs
/loader:1335:12)

Node.js v24.14.0
